Hello, World!

Run on JVM version: 25.0.3
ForkJoinPool.commonPool() info:
  POOL_PARALLELISM: 11
  POOL_ASYNC_MODE: false
  POOL_SIZE: 0


-- Benchmark for SubmissionPublisherLoops2Test --
-- Warming up ...
Run warmup step 1 ...
Run warmup step 2 ...
Run warmup step 3 ...
Run warmup step 4 ...
Run warmup step 5 ...
-- Running benchmark ...
Run benchmark step 1 ...
  per step time:   1.300 seconds
Run benchmark step 2 ...
  per step time:  13.978 seconds
Run benchmark step 3 ...
  per step time:   2.900 seconds
Run benchmark step 4 ...
  per step time:   3.368 seconds
Run benchmark step 5 ...
  per step time:   3.956 seconds
Run benchmark step 6 ...
  per step time:   1.839 seconds
Run benchmark step 7 ...
  per step time:   4.569 seconds
Run benchmark step 8 ...
  per step time:   4.112 seconds
Run benchmark step 9 ...
  per step time:   3.037 seconds
Run benchmark step 10 ...
  per step time:  12.644 seconds
-- Statistics:
 Average time:   5.170 seconds
 Std Dev time:   4.415 seconds
-- End of SubmissionPublisherLoops2Test session --

-- Benchmark for SubmissionPublisherLoops3Test --
-- Warming up ...
Run warmup step 1 ...    items per sec:   423173752.03
Run warmup step 2 ...    items per sec:   394711154.05
Run warmup step 3 ...    items per sec:   404676955.65
Run warmup step 4 ...    items per sec:   397410209.38
Run warmup step 5 ...    items per sec:   403374092.51
-- Running benchmark ...
Run benchmark step 1 ...
  items per sec:   224597434.26
  per step time:   4.781 seconds
Run benchmark step 2 ...
  items per sec:   376020927.66
  per step time:   2.856 seconds
Run benchmark step 3 ...
  items per sec:   332200490.46
  per step time:   3.232 seconds
Run benchmark step 4 ...
  items per sec:   411299743.92
  per step time:   2.611 seconds
Run benchmark step 5 ...
  items per sec:   174696323.49
  per step time:   6.147 seconds
Run benchmark step 6 ...
  items per sec:   292177485.79
  per step time:   3.675 seconds
Run benchmark step 7 ...
  items per sec:   397523403.27
  per step time:   2.701 seconds
Run benchmark step 8 ...
  items per sec:   250140498.49
  per step time:   4.293 seconds
Run benchmark step 9 ...
  items per sec:   404058176.35
  per step time:   2.658 seconds
Run benchmark step 10 ...
  items per sec:   197869580.94
  per step time:   5.427 seconds
-- Statistics:
 Average time:   3.838 seconds
 Std Dev time:   1.269 seconds
-- End of SubmissionPublisherLoops3Test session --

-- Benchmark for SubmissionPublisherLoops4Test --
-- Warming up ...
Run warmup step 1 ...    items per sec:   276827421.99
Run warmup step 2 ...    items per sec:   281655010.14
Run warmup step 3 ...    items per sec:   267725075.65
Run warmup step 4 ...    items per sec:   267706550.64
Run warmup step 5 ...    items per sec:   275659352.61
-- Running benchmark ...
Run benchmark step 1 ...
  items per sec:   265528754.27
  per step time: 129.401 seconds
Run benchmark step 2 ...
  items per sec:   265350513.08
  per step time: 129.488 seconds
Run benchmark step 3 ...
  items per sec:   269189445.50
  per step time: 127.642 seconds
Run benchmark step 4 ...
  items per sec:   268678488.16
  per step time: 127.884 seconds
Run benchmark step 5 ...
  items per sec:   270052461.22
  per step time: 127.234 seconds
Run benchmark step 6 ...
  items per sec:   259435398.74
  per step time: 132.441 seconds
Run benchmark step 7 ...
  items per sec:   262100085.76
  per step time: 131.094 seconds
Run benchmark step 8 ...
  items per sec:   271372007.12
  per step time: 126.615 seconds
Run benchmark step 9 ...
  items per sec:   268041261.84
  per step time: 128.189 seconds
Run benchmark step 10 ...
  items per sec:   262133829.93
  per step time: 131.077 seconds
-- Statistics:
 Average time: 129.107 seconds
 Std Dev time:   1.926 seconds
-- End of SubmissionPublisherLoops4Test session --
