Compiling project (Scala 3.8.3, JVM (25))
Compiled project (Scala 3.8.3, JVM (25))
Hello, World!

Run on JVM version: 25.0.2
ForkJoinPool.commonPool() info:
  POOL_PARALLELISM: 9
  POOL_ASYNC_MODE: false
  POOL_SIZE: 0


-- Benchmark for SubmissionPublisherLoops2Test --
-- Warming up ...
Run warmup step 1 ...
Run warmup step 2 ...
Run warmup step 3 ...
Run warmup step 4 ...
Run warmup step 5 ...
-- Running benchmark ...
Run benchmark step 1 ...
  per step time:   1.723 seconds
Run benchmark step 2 ...
  per step time:   1.958 seconds
Run benchmark step 3 ...
  per step time:   2.105 seconds
Run benchmark step 4 ...
  per step time:   2.045 seconds
Run benchmark step 5 ...
  per step time:   2.158 seconds
Run benchmark step 6 ...
  per step time:   2.210 seconds
Run benchmark step 7 ...
  per step time:   2.588 seconds
Run benchmark step 8 ...
  per step time:   2.355 seconds
Run benchmark step 9 ...
  per step time:   2.723 seconds
Run benchmark step 10 ...
  per step time:   2.076 seconds
-- Statistics:
 Average time:   2.194 seconds
 Std Dev time:   0.295 seconds
-- End of SubmissionPublisherLoops2Test session --

-- Benchmark for SubmissionPublisherLoops3Test --
-- Warming up ...
Run warmup step 1 ...    items per sec:   862873397.74
Run warmup step 2 ...    items per sec:   647904621.55
Run warmup step 3 ...    items per sec:   674506543.82
Run warmup step 4 ...    items per sec:   724899109.19
Run warmup step 5 ...    items per sec:   597431912.90
-- Running benchmark ...
Run benchmark step 1 ...
  items per sec:   803242386.89
  per step time:   1.337 seconds
Run benchmark step 2 ...
  items per sec:   611617473.67
  per step time:   1.756 seconds
Run benchmark step 3 ...
  items per sec:   777289479.02
  per step time:   1.382 seconds
Run benchmark step 4 ...
  items per sec:   680101867.25
  per step time:   1.579 seconds
Run benchmark step 5 ...
  items per sec:   702747142.26
  per step time:   1.528 seconds
Run benchmark step 6 ...
  items per sec:   758991854.69
  per step time:   1.415 seconds
Run benchmark step 7 ...
  items per sec:   615413171.92
  per step time:   1.745 seconds
Run benchmark step 8 ...
  items per sec:   597374591.26
  per step time:   1.798 seconds
Run benchmark step 9 ...
  items per sec:   831785451.65
  per step time:   1.291 seconds
Run benchmark step 10 ...
  items per sec:   619274253.49
  per step time:   1.734 seconds
-- Statistics:
 Average time:   1.556 seconds
 Std Dev time:   0.193 seconds
-- End of SubmissionPublisherLoops3Test session --

-- Benchmark for SubmissionPublisherLoops4Test --
-- Warming up ...
Run warmup step 1 ...    items per sec:   938398483.81
Run warmup step 2 ...    items per sec:   948991016.30
Run warmup step 3 ...    items per sec:   942792921.56
Run warmup step 4 ...    items per sec:   944200652.84
Run warmup step 5 ...    items per sec:   950345737.20
-- Running benchmark ...
Run benchmark step 1 ...
  items per sec:   943097258.64
  per step time:  36.433 seconds
Run benchmark step 2 ...
  items per sec:   948162038.59
  per step time:  36.238 seconds
Run benchmark step 3 ...
  items per sec:   935588449.22
  per step time:  36.725 seconds
Run benchmark step 4 ...
  items per sec:   946756231.24
  per step time:  36.292 seconds
Run benchmark step 5 ...
  items per sec:   944637401.35
  per step time:  36.374 seconds
Run benchmark step 6 ...
  items per sec:   942619476.86
  per step time:  36.452 seconds
Run benchmark step 7 ...
  items per sec:   947428466.25
  per step time:  36.266 seconds
Run benchmark step 8 ...
  items per sec:   944785087.34
  per step time:  36.368 seconds
Run benchmark step 9 ...
  items per sec:   942017953.44
  per step time:  36.475 seconds
Run benchmark step 10 ...
  items per sec:   948987359.96
  per step time:  36.207 seconds
-- Statistics:
 Average time:  36.383 seconds
 Std Dev time:   0.152 seconds
-- End of SubmissionPublisherLoops4Test session --
